*** Using Compiler 'V5.06 update 5 (build 528)', folder: 'C:\Keil_v5\ARM\ARMCC\Bin'
Build target 'F4TFT'
compiling LCD.c...
font.h(214): warning:  #1-D: last line of file ends without a newline
  #endif
LCD.c(8): warning:  #188-D: enumerated type mixed with another type
  	ILI93_WR_DATA(&lcd->display,xStar>>8);
LCD.c(9): warning:  #188-D: enumerated type mixed with another type
  	ILI93_WR_DATA(&lcd->display,0x00FF&xStar);		
LCD.c(10): warning:  #188-D: enumerated type mixed with another type
  	ILI93_WR_DATA(&lcd->display,xEnd>>8);
LCD.c(11): warning:  #188-D: enumerated type mixed with another type
  	ILI93_WR_DATA(&lcd->display,0x00FF&xEnd);
LCD.c(14): warning:  #188-D: enumerated type mixed with another type
  	ILI93_WR_DATA(&lcd->display,yStar>>8);
LCD.c(15): warning:  #188-D: enumerated type mixed with another type
  	ILI93_WR_DATA(&lcd->display,0x00FF&yStar);		
LCD.c(16): warning:  #188-D: enumerated type mixed with another type
  	ILI93_WR_DATA(&lcd->display,yEnd>>8);
LCD.c(17): warning:  #188-D: enumerated type mixed with another type
  	ILI93_WR_DATA(&lcd->display,0x00FF&yEnd);
LCD.c(62): warning:  #223-D: function "Lcd_WriteData_16Bit" declared implicitly
                   Lcd_WriteData_16Bit(lcd, color);
LCD.c(37): warning:  #177-D: variable "data"  was declared but never referenced
      uint8_t data[3] = {
LCD.c(145): error:  #159: declaration is incompatible with previous "Lcd_WriteData_16Bit"  (declared at line 62)
  void Lcd_WriteData_16Bit(LCD_Class_t * lcd,uint16_t Data)
LCD.c(190): warning:  #223-D: function "abs" declared implicitly
      int dx2 = 2 * abs(dx);
LCD.c: 12 warnings, 1 error
"F4TFT\F4TFT.axf" - 1 Error(s), 12 Warning(s).
Target not created.
Build Time Elapsed:  00:00:01
